[0.008s][info][gc] Using G1
[0.014s][info][gc,init] Version: 17-ea+14 (release)
[0.016s][info][gc,init] CPUs: 8 total, 8 available
[0.017s][info][gc,init] Memory: 7839M
[0.018s][info][gc,init] Large Page Support: Disabled
[0.018s][info][gc,init] NUMA Support: Disabled
[0.018s][info][gc,init] Compressed Oops: Enabled (32-bit)
[0.018s][info][gc,init] Heap Region Size: 1M
[0.019s][info][gc,init] Heap Min Capacity: 8M
[0.020s][info][gc,init] Heap Initial Capacity: 124M
[0.021s][info][gc,init] Heap Max Capacity: 256M
[0.021s][info][gc,init] Pre-touch: Disabled
[0.021s][info][gc,init] Parallel Workers: 8
[0.022s][info][gc,init] Concurrent Workers: 2
[0.022s][info][gc,init] Concurrent Refinement Workers: 8
[0.022s][info][gc,init] Periodic GC: Disabled
[0.023s][info][gc,metaspace] CDS archive(s) mapped at: [0x0000000800000000-0x0000000800bcf000-0x0000000800bcf000), size 12382208, SharedBaseAddress: 0x0000000800000000, ArchiveRelocationMode: 0.
[0.023s][info][gc,metaspace] Compressed class space mapped at: 0x0000000800c00000-0x0000000840c00000, reserved size: 1073741824
[0.023s][info][gc,metaspace] Narrow klass base: 0x0000000800000000, Narrow klass shift: 3, Narrow klass range: 0x100000000
[8.197s][info][gc,heap,exit] Heap
[8.197s][info][gc,heap,exit]  garbage-first heap   total 129024K, used 2010K [0x00000000f0000000, 0x0000000100000000)
[8.198s][info][gc,heap,exit]   region size 1024K, 2 young (2048K), 0 survivors (0K)
[8.198s][info][gc,heap,exit]  Metaspace       used 74K, committed 320K, reserved 1056768K
[8.198s][info][gc,heap,exit]   class space    used 3K, committed 128K, reserved 1048576K
